{"ts_iso": "2026-09-22T08:09:27.635107+00:00", "claim_id": "COVID-19 is a conspiracy", "seq": 0, "hash": "18297c4daa89efb8f539b1470d911267ed40d06f77e74c4361ef04e7fc74fd54"}
{"ts_iso": "2026-09-22T08:09:29.334538+00:00", "claim_id": "COVID-19 is a conspiracy", "seq": 1, "hash": "121945380dea051346924b1cc3dca88f81846cbb11428c2b3ff185ed5c0c69b2"}
{"ts_iso": "2026-09-22T08:09:29.730267+00:00", "claim_id": "COVID-19 is a conspiracy", "seq": 2, "hash": "2f46ad24732fd156edf3e1e6429109bc8a6dd7b69ed86be9c70c8dcb72714793"}
{"ts_iso": "2026-09-22T08:09:31.938918+00:00", "claim_id": "COVID-19 is a conspiracy", "seq": 3, "hash": "27cc3e6465ba542ba7c74a007db5be447e365421352b3a7ae3c7a4be64348ddc"}
{"ts_iso": "2026-09-22T08:09:34.823763+00:00", "claim_id": "Jensen Huang echoed Trump's claim that AI backlash is a hoax", "seq": 0, "hash": "f2019251f7fc98186b3f1c5aa32377ea6ce9f044f29af490d98da2e1b5b2647f"}
{"ts_iso": "2026-09-22T08:09:39.335244+00:00", "claim_id": "Trump announced an AI Force and AI czar", "seq": 0, "hash": "a9a096beda490bc9d66abebbc418cd935bb4477d5dbd4332c1680f5d6bcf9c54"}
{"ts_iso": "2026-09-22T08:09:39.936395+00:00", "claim_id": "Trump announced an AI Force and AI czar", "seq": 1, "hash": "56eafa834757a8c947dfb7eda31a542cd67bcaace1e479ac8acf3cdc2c61fd88"}
{"ts_iso": "2026-09-22T08:09:40.341016+00:00", "claim_id": "Trump announced an AI Force and AI czar", "seq": 2, "hash": "c775fb683f2fd71abb013e3458c043742cb31100d26a295c7795f7aae0e09788"}
{"ts_iso": "2026-09-22T08:09:42.821757+00:00", "claim_id": "Trump announced an AI Force and AI czar", "seq": 3, "hash": "75507ff010c2216d8b281a4f5f3e6c4c503afc01cf01b71503dc642af986e2b5"}
{"ts_iso": "2026-09-22T08:09:46.160396+00:00", "claim_id": "Vaccines are dangerous", "seq": 0, "hash": "bcc5a568bda3ad9d89d8bd93c51359a47d1bad42b685627d5d253328707aa16d"}
{"ts_iso": "2026-09-22T08:09:46.860415+00:00", "claim_id": "Vaccines are dangerous", "seq": 1, "hash": "6ab137a92539204b76220769e50669a07119ac4b67353cf7e326b863104062ca"}
{"ts_iso": "2026-09-22T08:09:47.300492+00:00", "claim_id": "Vaccines are dangerous", "seq": 2, "hash": "c98e58bbe8c137e3a51ff4b6373c9d4619b80b73437e6c80c33b327d1517debd"}
{"ts_iso": "2026-09-22T08:09:51.368753+00:00", "claim_id": "Vaccines are dangerous", "seq": 3, "hash": "98ba6eb602031145fd583b694cc064279324944d4fe76b56228bf77deda31b4a"}
{"ts_iso": "2026-09-22T08:09:55.036295+00:00", "claim_id": "COVID-19 is a conspiracy", "seq": 4, "hash": "9914bd904356e4fe1495651d3535f770d8236f12695076cd0de90d61621128eb"}
{"ts_iso": "2026-09-22T08:09:56.604202+00:00", "claim_id": "COVID-19 is a conspiracy", "seq": 5, "hash": "0d4d96208f156f2725ae558fa09296a696c9a3246c6e37ff4c085b3a0c7a51dc"}
{"ts_iso": "2026-09-22T08:09:57.068651+00:00", "claim_id": "COVID-19 is a conspiracy", "seq": 6, "hash": "c6fae2580654420cbec48e1534d5a7fc3d27edbac2f5817a918327e2c37e6a07"}
{"ts_iso": "2026-09-22T08:10:04.028363+00:00", "claim_id": "COVID-19 is a conspiracy", "seq": 7, "hash": "c2a44c6431d1608d0d31e8920eee4575f54996ef7b8c8abf91296bb90f3fd0a6"}
{"ts_iso": "2026-09-22T08:10:16.344615+00:00", "claim_id": "Coronavirus is a conspiracy", "seq": 0, "hash": "ad1c6a1f0463a0d4a7ed3e3b6970c42528aaacb041620439d6f0ba7162387fe6"}
{"ts_iso": "2026-09-22T08:10:26.287606+00:00", "claim_id": "Exploring wildest Covid conspiracy theories", "seq": 0, "hash": "70c9fd1b680207fe77504de206c47d401e4dea164ddee652bf1b81350a8911b8"}
{"ts_iso": "2026-09-22T08:10:38.251982+00:00", "claim_id": "Trump secret deportation deals to unknown African country", "seq": 0, "hash": "f78f915fc35587a7fc0910f275743d081c65d679523e9042af4ea032478ddc69"}
{"ts_iso": "2026-09-22T08:10:38.918681+00:00", "claim_id": "Trump secret deportation deals to unknown African country", "seq": 1, "hash": "361ee31d1bbdd14ac3bac511be4eb5b2afa3d8b933539f2d84a58d10758d15c8"}
{"ts_iso": "2026-09-22T08:10:39.320562+00:00", "claim_id": "Trump secret deportation deals to unknown African country", "seq": 2, "hash": "63318536fb2165679193dc0ead923af08a5640f954ddd6935846019da9195e7d"}
{"ts_iso": "2026-09-22T08:10:40.825046+00:00", "claim_id": "Trump secret deportation deals to unknown African country", "seq": 3, "hash": "736fefed57a4aa79e9810043e7ea65a3f6d9430c8eb3fe4ec3b97490a9eee87d"}
{"ts_iso": "2026-09-22T08:10:42.492991+00:00", "claim_id": "No complaint received by SC/ST cell from Sahil", "seq": 0, "hash": "739a214f0b94c3a69564f423efa4ed706404924d03145291f14982a360c04a1e"}
{"ts_iso": "2026-09-22T08:10:50.406318+00:00", "claim_id": "Helen McEntee faced intense questioning in the Dail over Garda holsters", "seq": 0, "hash": "7adefb7ba875512ab534eec1d4568d6fccf3fb770d4c1eac75903a3a54d39cd0"}
{"ts_iso": "2026-09-22T08:13:15.441760+00:00", "claim_id": "COVID vaccine has worst side effects ever", "seq": 0, "hash": "c68c32120289593b526b794f857b5fd00b350b4023dc00a9eb57648d3bf1d0c9"}
{"ts_iso": "2026-09-22T08:13:16.799683+00:00", "claim_id": "New book by Charles Spencer contains damning allegations about King Charles III", "seq": 0, "hash": "c7863e6cd2fdcbb419c69f337b6be5f20e1730f27c26d69dc23cfde546636ebd"}
